__tests__/security/xss.test.tsx(6,24): error TS2614: Module '"@/utils/security"' has no exported member 'sanitizeHTML'. Did you mean to use 'import sanitizeHTML from "@/utils/security"' instead?
components/chat/ChatThemePicker.tsx(29,78): error TS2345: Argument of type 'string | undefined' is not assignable to parameter of type 'string'.
  Type 'undefined' is not assignable to type 'string'.
components/chat/ChatThemePicker.tsx(49,75): error TS2345: Argument of type 'string | undefined' is not assignable to parameter of type 'string'.
  Type 'undefined' is not assignable to type 'string'.
components/chat/ChatThemePicker.tsx(61,59): error TS2345: Argument of type 'string | undefined' is not assignable to parameter of type 'string'.
  Type 'undefined' is not assignable to type 'string'.
components/common/__tests__/Components.test.tsx(70,21): error TS2322: Type '{ title: string; actionLabel: string; onAction: Mock<any, any, any>; }' is not assignable to type 'IntrinsicAttributes & EmptyStateProps'.
  Property 'actionLabel' does not exist on type 'IntrinsicAttributes & EmptyStateProps'.
components/common/__tests__/EmptyState.test.tsx(42,17): error TS2322: Type '{ title: string; description: string; actionLabel: string; onAction: Mock<any, any, any>; }' is not assignable to type 'IntrinsicAttributes & EmptyStateProps'.
  Property 'actionLabel' does not exist on type 'IntrinsicAttributes & EmptyStateProps'.
components/common/__tests__/EmptyState.test.tsx(58,17): error TS2322: Type '{ title: string; description: string; actionLabel: string; onAction: Mock<any, any, any>; }' is not assignable to type 'IntrinsicAttributes & EmptyStateProps'.
  Property 'actionLabel' does not exist on type 'IntrinsicAttributes & EmptyStateProps'.
components/common/CollaborationUI.tsx(2,30): error TS2307: Cannot find module '@/services/collaborationService' or its corresponding type declarations.
e2e/auth.spec.ts(1,30): error TS2307: Cannot find module '@playwright/test' or its corresponding type declarations.
e2e/auth.spec.ts(9,30): error TS7031: Binding element 'page' implicitly has an 'any' type.
e2e/auth.spec.ts(15,63): error TS7031: Binding element 'page' implicitly has an 'any' type.
e2e/auth.spec.ts(33,63): error TS7031: Binding element 'page' implicitly has an 'any' type.
e2e/auth.spec.ts(47,63): error TS7031: Binding element 'page' implicitly has an 'any' type.
e2e/auth.spec.ts(59,56): error TS7031: Binding element 'page' implicitly has an 'any' type.
e2e/auth.spec.ts(71,38): error TS7031: Binding element 'page' implicitly has an 'any' type.
e2e/auth.spec.ts(88,58): error TS7031: Binding element 'page' implicitly has an 'any' type.
e2e/feed.spec.ts(1,30): error TS2307: Cannot find module '@playwright/test' or its corresponding type declarations.
e2e/feed.spec.ts(9,30): error TS7031: Binding element 'page' implicitly has an 'any' type.
e2e/feed.spec.ts(19,41): error TS7031: Binding element 'page' implicitly has an 'any' type.
e2e/feed.spec.ts(30,45): error TS7031: Binding element 'page' implicitly has an 'any' type.
e2e/feed.spec.ts(47,43): error TS7031: Binding element 'page' implicitly has an 'any' type.
e2e/feed.spec.ts(61,52): error TS7031: Binding element 'page' implicitly has an 'any' type.
e2e/messaging.spec.ts(1,30): error TS2307: Cannot find module '@playwright/test' or its corresponding type declarations.
e2e/messaging.spec.ts(9,30): error TS7031: Binding element 'page' implicitly has an 'any' type.
e2e/messaging.spec.ts(19,43): error TS7031: Binding element 'page' implicitly has an 'any' type.
e2e/messaging.spec.ts(32,46): error TS7031: Binding element 'page' implicitly has an 'any' type.
e2e/messaging.spec.ts(50,45): error TS7031: Binding element 'page' implicitly has an 'any' type.
e2e/messaging.spec.ts(61,54): error TS7031: Binding element 'page' implicitly has an 'any' type.
e2e/messaging.spec.ts(72,50): error TS7031: Binding element 'page' implicitly has an 'any' type.
functions/__tests__/security.rules.test.ts(6,45): error TS2307: Cannot find module '@firebase/rules-unit-testing' or its corresponding type declarations.
functions/__tests__/security.rules.test.ts(10,8): error TS2307: Cannot find module '@firebase/rules-unit-testing' or its corresponding type declarations.
functions/src/imageProcessing.ts(6,1): error TS1202: Import assignment cannot be used when targeting ECMAScript modules. Consider using 'import * as ns from "mod"', 'import {a} from "mod"', 'import d from "mod"', or another module format instead.
hooks/useCollaboration.ts(7,64): error TS2307: Cannot find module '@/services/collaborationService' or its corresponding type declarations.
hooks/useCollaboration.ts(106,59): error TS7006: Parameter 'data' implicitly has an 'any' type.
hooks/usePerformance.ts(61,49): error TS2686: 'React' refers to a UMD global, but the current file is a module. Consider adding an import instead.
hooks/usePerformance.ts(84,49): error TS2686: 'React' refers to a UMD global, but the current file is a module. Consider adding an import instead.
hooks/usePerformance.ts(108,37): error TS2686: 'React' refers to a UMD global, but the current file is a module. Consider adding an import instead.
pages/CallScreen.tsx(217,53): error TS2345: Argument of type '{ type: "video" | "audio"; duration: number; status: "completed"; participants: string[]; }' is not assignable to parameter of type '{ type: "video" | "audio"; duration?: number | undefined; status: "completed" | "missed" | "declined"; participants: string[]; callerId: string; }'.
  Property 'callerId' is missing in type '{ type: "video" | "audio"; duration: number; status: "completed"; participants: string[]; }' but required in type '{ type: "video" | "audio"; duration?: number | undefined; status: "completed" | "missed" | "declined"; participants: string[]; callerId: string; }'.
pages/Login.tsx(72,23): error TS2339: Property 'resetPassword' does not exist on type 'typeof DBService'.
pages/Profile.tsx(5,16): error TS2305: Module '"../types"' has no exported member 'Memory'.
playwright.config.ts(1,39): error TS2307: Cannot find module '@playwright/test' or its corresponding type declarations.
services/chatThemeService.ts(6,10): error TS2305: Module '"./firebase"' has no exported member 'database'.
services/database.ts(46,16): error TS2305: Module '"../types"' has no exported member 'Post'.
services/database.ts(46,22): error TS2305: Module '"../types"' has no exported member 'Story'.
services/database.ts(46,29): error TS2305: Module '"../types"' has no exported member 'Comment'.
services/database.ts(46,52): error TS2305: Module '"../types"' has no exported member 'CoreContent'.
services/database.ts(46,65): error TS2305: Module '"../types"' has no exported member 'ContentType'.
services/database.ts(46,78): error TS2305: Module '"../types"' has no exported member 'ContentStatus'.
services/database.ts(46,93): error TS2305: Module '"../types"' has no exported member 'ContentPriority'.
services/database.ts(955,93): error TS2694: Namespace '"D:/snuggle/types"' has no exported member 'Post'.
services/database.ts(981,41): error TS2694: Namespace '"D:/snuggle/types"' has no exported member 'Post'.
services/database.ts(986,98): error TS2694: Namespace '"D:/snuggle/types"' has no exported member 'Post'.
services/database.ts(1008,41): error TS2694: Namespace '"D:/snuggle/types"' has no exported member 'Post'.
services/database.ts(1573,57): error TS2694: Namespace '"D:/snuggle/types"' has no exported member 'Post'.
services/database.ts(1588,41): error TS2694: Namespace '"D:/snuggle/types"' has no exported member 'Post'.
services/database.ts(1595,63): error TS2694: Namespace '"D:/snuggle/types"' has no exported member 'Memory'.
services/database.ts(1609,96): error TS2694: Namespace '"D:/snuggle/types"' has no exported member 'Memory'.
services/database.ts(1669,37): error TS2694: Namespace '"D:/snuggle/types"' has no exported member 'Memory'.
services/database.ts(1700,39): error TS7006: Parameter 'a' implicitly has an 'any' type.
services/database.ts(1700,42): error TS7006: Parameter 'b' implicitly has an 'any' type.
services/database.ts(1703,95): error TS2694: Namespace '"D:/snuggle/types"' has no exported member 'Memory'.
services/database.ts(1750,37): error TS2694: Namespace '"D:/snuggle/types"' has no exported member 'Memory'.
services/database.ts(1777,39): error TS7006: Parameter 'a' implicitly has an 'any' type.
services/database.ts(1777,42): error TS7006: Parameter 'b' implicitly has an 'any' type.
services/database.ts(1797,68): error TS2694: Namespace '"D:/snuggle/types"' has no exported member 'Memory'.
services/database.ts(1834,79): error TS2694: Namespace '"D:/snuggle/types"' has no exported member 'Memory'.
services/database.ts(1849,32): error TS7006: Parameter 'm' implicitly has an 'any' type.
services/database.ts(1849,71): error TS2694: Namespace '"D:/snuggle/types"' has no exported member 'Memory'.
services/database.ts(1852,74): error TS2694: Namespace '"D:/snuggle/types"' has no exported member 'Memory'.
services/database.ts(1885,37): error TS2694: Namespace '"D:/snuggle/types"' has no exported member 'Memory'.
services/database.ts(1917,90): error TS2694: Namespace '"D:/snuggle/types"' has no exported member 'Comment'.
services/database.ts(1917,148): error TS2694: Namespace '"D:/snuggle/types"' has no exported member 'Comment'.
services/database.ts(1933,33): error TS2694: Namespace '"D:/snuggle/types"' has no exported member 'Comment'.
services/database.ts(1936,82): error TS2694: Namespace '"D:/snuggle/types"' has no exported member 'Comment'.
services/database.ts(1946,35): error TS2694: Namespace '"D:/snuggle/types"' has no exported member 'Comment'.
utils/errorTracking.ts(24,24): error TS2339: Property 'Replay' does not exist on type 'typeof import("D:/snuggle/node_modules/@sentry/react/build/types/index")'.
utils/firebaseOptimization.ts(7,26): error TS2307: Cannot find module './firebase' or its corresponding type declarations.
utils/performanceTracking.ts(6,10): error TS2305: Module '"web-vitals"' has no exported member 'getCLS'.
utils/performanceTracking.ts(6,18): error TS2305: Module '"web-vitals"' has no exported member 'getFID'.
utils/performanceTracking.ts(6,26): error TS2305: Module '"web-vitals"' has no exported member 'getFCP'.
utils/performanceTracking.ts(6,34): error TS2305: Module '"web-vitals"' has no exported member 'getLCP'.
utils/performanceTracking.ts(6,42): error TS2305: Module '"web-vitals"' has no exported member 'getTTFB'.
utils/performanceTracking.ts(24,13): error TS7006: Parameter 'metric' implicitly has an 'any' type.
utils/performanceTracking.ts(29,13): error TS7006: Parameter 'metric' implicitly has an 'any' type.
utils/performanceTracking.ts(34,13): error TS7006: Parameter 'metric' implicitly has an 'any' type.
utils/performanceTracking.ts(39,13): error TS7006: Parameter 'metric' implicitly has an 'any' type.
utils/performanceTracking.ts(44,14): error TS7006: Parameter 'metric' implicitly has an 'any' type.
utils/testUtils.tsx(73,20): error TS2554: Expected 2-3 arguments, but got 1.
